2026-05-23 09:33:58 | INFO | Incoming request - POST http://testserver/login
2026-05-23 09:33:58 | INFO | Login attempt for username='admin'
2026-05-23 09:33:58 | INFO | Login successful for username='admin'
2026-05-23 09:33:58 | INFO | completed - POST http://testserver/login | status_code=200 | duration = 0.4444s
2026-05-23 09:33:59 | INFO | HTTP Request: POST http://testserver/login "HTTP/1.1 200 OK"
2026-05-23 09:33:59 | INFO | Incoming request - POST http://testserver/login
2026-05-23 09:33:59 | INFO | Login attempt for username='admin'
2026-05-23 09:33:59 | WARNING | Failed login — wrong password for username='admin'
2026-05-23 09:33:59 | INFO | completed - POST http://testserver/login | status_code=401 | duration = 0.508s
2026-05-23 09:33:59 | INFO | HTTP Request: POST http://testserver/login "HTTP/1.1 401 Unauthorized"
2026-05-23 09:33:59 | INFO | Incoming request - POST http://testserver/login
2026-05-23 09:33:59 | INFO | Login attempt for username='wronguser'
2026-05-23 09:33:59 | WARNING | Failed login — invalid username='wronguser'
2026-05-23 09:33:59 | INFO | completed - POST http://testserver/login | status_code=401 | duration = 0.0254s
2026-05-23 09:33:59 | INFO | HTTP Request: POST http://testserver/login "HTTP/1.1 401 Unauthorized"
2026-05-23 09:33:59 | INFO | Incoming request - POST http://testserver/students/
2026-05-23 09:33:59 | INFO | completed - POST http://testserver/students/ | status_code=401 | duration = 0.012s
2026-05-23 09:33:59 | INFO | HTTP Request: POST http://testserver/students/ "HTTP/1.1 401 Unauthorized"
2026-05-23 09:33:59 | INFO | Incoming request - POST http://testserver/students/
2026-05-23 09:33:59 | INFO | completed - POST http://testserver/students/ | status_code=401 | duration = 0.0114s
2026-05-23 09:33:59 | INFO | HTTP Request: POST http://testserver/students/ "HTTP/1.1 401 Unauthorized"
2026-05-23 09:33:59 | INFO | Incoming request - POST http://testserver/login
2026-05-23 09:33:59 | INFO | Login attempt for username='admin'
2026-05-23 09:34:00 | INFO | Login successful for username='admin'
2026-05-23 09:34:00 | INFO | completed - POST http://testserver/login | status_code=200 | duration = 0.4445s
2026-05-23 09:34:00 | INFO | HTTP Request: POST http://testserver/login "HTTP/1.1 200 OK"
2026-05-23 09:34:00 | INFO | Incoming request - POST http://testserver/students/
2026-05-23 09:34:00 | INFO | User 'admin' creating student with email=sri1234@gmail.com
2026-05-23 09:34:00 | INFO | Student created successfully with id=1
2026-05-23 09:34:00 | INFO | completed - POST http://testserver/students/ | status_code=201 | duration = 0.0332s
2026-05-23 09:34:00 | INFO | HTTP Request: POST http://testserver/students/ "HTTP/1.1 201 Created"
2026-05-23 09:34:00 | INFO | Incoming request - POST http://testserver/students/
2026-05-23 09:34:00 | INFO | User 'admin' creating student with email=sri1234@gmail.com
2026-05-23 09:34:00 | INFO | Student created successfully with id=1
2026-05-23 09:34:00 | INFO | completed - POST http://testserver/students/ | status_code=201 | duration = 0.0425s
2026-05-23 09:34:00 | INFO | HTTP Request: POST http://testserver/students/ "HTTP/1.1 201 Created"
2026-05-23 09:34:00 | INFO | Incoming request - POST http://testserver/students/
2026-05-23 09:34:00 | INFO | User 'admin' creating student with email=sri1234@gmail.com
2026-05-23 09:34:00 | WARNING | Duplicate email attempted: sri1234@gmail.com
2026-05-23 09:34:00 | INFO | completed - POST http://testserver/students/ | status_code=400 | duration = 0.0171s
2026-05-23 09:34:00 | INFO | HTTP Request: POST http://testserver/students/ "HTTP/1.1 400 Bad Request"
2026-05-23 09:34:00 | INFO | Incoming request - POST http://testserver/students/
2026-05-23 09:34:00 | WARNING | Validation error on POST http://testserver/students/: ['body->name:String should have at least 2 characters']
2026-05-23 09:34:00 | INFO | completed - POST http://testserver/students/ | status_code=422 | duration = 0.0162s
2026-05-23 09:34:00 | INFO | HTTP Request: POST http://testserver/students/ "HTTP/1.1 422 Unprocessable Entity"
2026-05-23 09:34:00 | INFO | Incoming request - POST http://testserver/students/
2026-05-23 09:34:00 | WARNING | Validation error on POST http://testserver/students/: ['body->age:Input should be less than or equal to 100']
2026-05-23 09:34:00 | INFO | completed - POST http://testserver/students/ | status_code=422 | duration = 0.0094s
2026-05-23 09:34:00 | INFO | HTTP Request: POST http://testserver/students/ "HTTP/1.1 422 Unprocessable Entity"
2026-05-23 09:34:00 | INFO | Incoming request - POST http://testserver/students/
2026-05-23 09:34:00 | WARNING | Validation error on POST http://testserver/students/: ['body->gpa:Input should be less than or equal to 10']
2026-05-23 09:34:00 | INFO | completed - POST http://testserver/students/ | status_code=422 | duration = 0.0157s
2026-05-23 09:34:00 | INFO | HTTP Request: POST http://testserver/students/ "HTTP/1.1 422 Unprocessable Entity"
2026-05-23 09:34:00 | INFO | Incoming request - POST http://testserver/students/
2026-05-23 09:34:00 | WARNING | Validation error on POST http://testserver/students/: ['body->email:Value error, Email must be a valid email address']
2026-05-23 09:34:00 | INFO | completed - POST http://testserver/students/ | status_code=422 | duration = 0.022s
2026-05-23 09:34:00 | INFO | HTTP Request: POST http://testserver/students/ "HTTP/1.1 422 Unprocessable Entity"
2026-05-23 09:34:00 | INFO | Incoming request - POST http://testserver/students/
2026-05-23 09:34:00 | INFO | User 'admin' creating student with email=sri1234@gmail.com
2026-05-23 09:34:00 | INFO | Student created successfully with id=1
2026-05-23 09:34:00 | INFO | completed - POST http://testserver/students/ | status_code=201 | duration = 0.0322s
2026-05-23 09:34:00 | INFO | HTTP Request: POST http://testserver/students/ "HTTP/1.1 201 Created"
2026-05-23 09:34:00 | INFO | Incoming request - GET http://testserver/students/
2026-05-23 09:34:00 | INFO | Fetching students — page=1, size=10, course=None, search=None, min_age=None, max_age=None, min_gpa=None, max_gpa=None, sort_by=None, order=asc
2026-05-23 09:34:00 | INFO | Returned 1 of 1 total students
2026-05-23 09:34:00 | INFO | completed - GET http://testserver/students/ | status_code=200 | duration = 0.0272s
2026-05-23 09:34:00 | INFO | HTTP Request: GET http://testserver/students/ "HTTP/1.1 200 OK"
2026-05-23 09:34:01 | INFO | Incoming request - GET http://testserver/students/
2026-05-23 09:34:01 | INFO | Fetching students — page=1, size=10, course=None, search=None, min_age=None, max_age=None, min_gpa=None, max_gpa=None, sort_by=None, order=asc
2026-05-23 09:34:01 | INFO | Returned 0 of 0 total students
2026-05-23 09:34:01 | INFO | completed - GET http://testserver/students/ | status_code=200 | duration = 0.0335s
2026-05-23 09:34:01 | INFO | HTTP Request: GET http://testserver/students/ "HTTP/1.1 200 OK"
2026-05-23 09:34:01 | INFO | Incoming request - POST http://testserver/students/
2026-05-23 09:34:01 | INFO | User 'admin' creating student with email=sri1234@gmail.com
2026-05-23 09:34:01 | INFO | Student created successfully with id=1
2026-05-23 09:34:01 | INFO | completed - POST http://testserver/students/ | status_code=201 | duration = 0.0472s
2026-05-23 09:34:01 | INFO | HTTP Request: POST http://testserver/students/ "HTTP/1.1 201 Created"
2026-05-23 09:34:01 | INFO | Incoming request - GET http://testserver/students/1
2026-05-23 09:34:01 | INFO | Fetching student with id=1
2026-05-23 09:34:01 | INFO | Student id=1 fetched successfully
2026-05-23 09:34:01 | INFO | completed - GET http://testserver/students/1 | status_code=200 | duration = 0.0243s
2026-05-23 09:34:01 | INFO | HTTP Request: GET http://testserver/students/1 "HTTP/1.1 200 OK"
2026-05-23 09:34:01 | INFO | Incoming request - GET http://testserver/students/99999
2026-05-23 09:34:01 | INFO | Fetching student with id=99999
2026-05-23 09:34:01 | WARNING | Student id=99999 not found
2026-05-23 09:34:01 | INFO | completed - GET http://testserver/students/99999 | status_code=404 | duration = 0.019s
2026-05-23 09:34:01 | INFO | HTTP Request: GET http://testserver/students/99999 "HTTP/1.1 404 Not Found"
2026-05-23 09:34:01 | INFO | Incoming request - POST http://testserver/students/
2026-05-23 09:34:01 | INFO | User 'admin' creating student with email=sri1234@gmail.com
2026-05-23 09:34:01 | INFO | Student created successfully with id=1
2026-05-23 09:34:01 | INFO | completed - POST http://testserver/students/ | status_code=201 | duration = 0.0541s
2026-05-23 09:34:01 | INFO | HTTP Request: POST http://testserver/students/ "HTTP/1.1 201 Created"
2026-05-23 09:34:01 | INFO | Incoming request - PUT http://testserver/students/1
2026-05-23 09:34:01 | INFO | User 'admin' updating student id=1
2026-05-23 09:34:01 | INFO | Student id=1 updated successfully
2026-05-23 09:34:01 | INFO | completed - PUT http://testserver/students/1 | status_code=200 | duration = 0.0318s
2026-05-23 09:34:01 | INFO | HTTP Request: PUT http://testserver/students/1 "HTTP/1.1 200 OK"
2026-05-23 09:34:01 | INFO | Incoming request - PUT http://testserver/students/99999
2026-05-23 09:34:01 | INFO | User 'admin' updating student id=99999
2026-05-23 09:34:01 | WARNING | Student id=99999 not found for update
2026-05-23 09:34:01 | INFO | completed - PUT http://testserver/students/99999 | status_code=404 | duration = 0.0134s
2026-05-23 09:34:01 | INFO | HTTP Request: PUT http://testserver/students/99999 "HTTP/1.1 404 Not Found"
2026-05-23 09:34:01 | INFO | Incoming request - POST http://testserver/students/
2026-05-23 09:34:01 | INFO | User 'admin' creating student with email=sri1234@gmail.com
2026-05-23 09:34:01 | INFO | Student created successfully with id=1
2026-05-23 09:34:01 | INFO | completed - POST http://testserver/students/ | status_code=201 | duration = 0.0252s
2026-05-23 09:34:01 | INFO | HTTP Request: POST http://testserver/students/ "HTTP/1.1 201 Created"
2026-05-23 09:34:01 | INFO | Incoming request - PUT http://testserver/students/1
2026-05-23 09:34:01 | WARNING | Validation error on PUT http://testserver/students/1: ['body->gpa:Input should be less than or equal to 10']
2026-05-23 09:34:01 | INFO | completed - PUT http://testserver/students/1 | status_code=422 | duration = 0.0139s
2026-05-23 09:34:01 | INFO | HTTP Request: PUT http://testserver/students/1 "HTTP/1.1 422 Unprocessable Entity"
2026-05-23 09:34:01 | INFO | Incoming request - POST http://testserver/students/
2026-05-23 09:34:01 | INFO | User 'admin' creating student with email=sri1234@gmail.com
2026-05-23 09:34:01 | INFO | Student created successfully with id=1
2026-05-23 09:34:01 | INFO | completed - POST http://testserver/students/ | status_code=201 | duration = 0.0386s
2026-05-23 09:34:01 | INFO | HTTP Request: POST http://testserver/students/ "HTTP/1.1 201 Created"
2026-05-23 09:34:01 | INFO | Incoming request - DELETE http://testserver/students/1
2026-05-23 09:34:01 | INFO | User 'admin' deleting student id=1
2026-05-23 09:34:01 | INFO | Student id=1 deleted successfully
2026-05-23 09:34:01 | INFO | completed - DELETE http://testserver/students/1 | status_code=204 | duration = 0.0243s
2026-05-23 09:34:01 | INFO | HTTP Request: DELETE http://testserver/students/1 "HTTP/1.1 204 No Content"
2026-05-23 09:34:01 | INFO | Incoming request - GET http://testserver/students/1
2026-05-23 09:34:01 | INFO | Fetching student with id=1
2026-05-23 09:34:01 | WARNING | Student id=1 not found
2026-05-23 09:34:01 | INFO | completed - GET http://testserver/students/1 | status_code=404 | duration = 0.0152s
2026-05-23 09:34:01 | INFO | HTTP Request: GET http://testserver/students/1 "HTTP/1.1 404 Not Found"
2026-05-23 09:34:01 | INFO | Incoming request - DELETE http://testserver/students/99999
2026-05-23 09:34:01 | INFO | User 'admin' deleting student id=99999
2026-05-23 09:34:01 | WARNING | Student id=99999 not found for deletion
2026-05-23 09:34:01 | INFO | completed - DELETE http://testserver/students/99999 | status_code=404 | duration = 0.0122s
2026-05-23 09:34:01 | INFO | HTTP Request: DELETE http://testserver/students/99999 "HTTP/1.1 404 Not Found"
2026-05-23 09:34:01 | INFO | Incoming request - POST http://testserver/students/
2026-05-23 09:34:02 | INFO | User 'admin' creating student with email=student0@mail.com
2026-05-23 09:34:02 | INFO | Student created successfully with id=1
2026-05-23 09:34:02 | INFO | completed - POST http://testserver/students/ | status_code=201 | duration = 0.0318s
2026-05-23 09:34:02 | INFO | HTTP Request: POST http://testserver/students/ "HTTP/1.1 201 Created"
2026-05-23 09:34:02 | INFO | Incoming request - POST http://testserver/students/
2026-05-23 09:34:02 | INFO | User 'admin' creating student with email=student1@mail.com
2026-05-23 09:34:02 | INFO | Student created successfully with id=2
2026-05-23 09:34:02 | INFO | completed - POST http://testserver/students/ | status_code=201 | duration = 0.0245s
2026-05-23 09:34:02 | INFO | HTTP Request: POST http://testserver/students/ "HTTP/1.1 201 Created"
2026-05-23 09:34:02 | INFO | Incoming request - POST http://testserver/students/
2026-05-23 09:34:02 | INFO | User 'admin' creating student with email=student2@mail.com
2026-05-23 09:34:02 | INFO | Student created successfully with id=3
2026-05-23 09:34:02 | INFO | completed - POST http://testserver/students/ | status_code=201 | duration = 0.0252s
2026-05-23 09:34:02 | INFO | HTTP Request: POST http://testserver/students/ "HTTP/1.1 201 Created"
2026-05-23 09:34:02 | INFO | Incoming request - POST http://testserver/students/
2026-05-23 09:34:02 | INFO | User 'admin' creating student with email=student3@mail.com
2026-05-23 09:34:02 | INFO | Student created successfully with id=4
2026-05-23 09:34:02 | INFO | completed - POST http://testserver/students/ | status_code=201 | duration = 0.0219s
2026-05-23 09:34:02 | INFO | HTTP Request: POST http://testserver/students/ "HTTP/1.1 201 Created"
2026-05-23 09:34:02 | INFO | Incoming request - POST http://testserver/students/
2026-05-23 09:34:02 | INFO | User 'admin' creating student with email=student4@mail.com
2026-05-23 09:34:02 | INFO | Student created successfully with id=5
2026-05-23 09:34:02 | INFO | completed - POST http://testserver/students/ | status_code=201 | duration = 0.0173s
2026-05-23 09:34:02 | INFO | HTTP Request: POST http://testserver/students/ "HTTP/1.1 201 Created"
2026-05-23 09:34:02 | INFO | Incoming request - GET http://testserver/students/?page=1&size=3
2026-05-23 09:34:02 | INFO | Fetching students — page=1, size=3, course=None, search=None, min_age=None, max_age=None, min_gpa=None, max_gpa=None, sort_by=None, order=asc
2026-05-23 09:34:02 | INFO | Returned 3 of 5 total students
2026-05-23 09:34:02 | INFO | completed - GET http://testserver/students/?page=1&size=3 | status_code=200 | duration = 0.01s
2026-05-23 09:34:02 | INFO | HTTP Request: GET http://testserver/students/?page=1&size=3 "HTTP/1.1 200 OK"
2026-05-23 09:34:02 | INFO | Incoming request - GET http://testserver/students/?page=2&size=3
2026-05-23 09:34:02 | INFO | Fetching students — page=2, size=3, course=None, search=None, min_age=None, max_age=None, min_gpa=None, max_gpa=None, sort_by=None, order=asc
2026-05-23 09:34:02 | INFO | Returned 2 of 5 total students
2026-05-23 09:34:02 | INFO | completed - GET http://testserver/students/?page=2&size=3 | status_code=200 | duration = 0.0186s
2026-05-23 09:34:02 | INFO | HTTP Request: GET http://testserver/students/?page=2&size=3 "HTTP/1.1 200 OK"
2026-05-23 09:34:02 | INFO | Incoming request - POST http://testserver/students/
2026-05-23 09:34:02 | INFO | User 'admin' creating student with email=cs@mail.com
2026-05-23 09:34:02 | INFO | Student created successfully with id=1
2026-05-23 09:34:02 | INFO | completed - POST http://testserver/students/ | status_code=201 | duration = 0.0192s
2026-05-23 09:34:02 | INFO | HTTP Request: POST http://testserver/students/ "HTTP/1.1 201 Created"
2026-05-23 09:34:02 | INFO | Incoming request - POST http://testserver/students/
2026-05-23 09:34:02 | INFO | User 'admin' creating student with email=math@mail.com
2026-05-23 09:34:02 | INFO | Student created successfully with id=2
2026-05-23 09:34:02 | INFO | completed - POST http://testserver/students/ | status_code=201 | duration = 0.0204s
2026-05-23 09:34:02 | INFO | HTTP Request: POST http://testserver/students/ "HTTP/1.1 201 Created"
2026-05-23 09:34:02 | INFO | Incoming request - GET http://testserver/students/?course=Computer%20Science
2026-05-23 09:34:02 | INFO | Fetching students — page=1, size=10, course=Computer Science, search=None, min_age=None, max_age=None, min_gpa=None, max_gpa=None, sort_by=None, order=asc
2026-05-23 09:34:02 | INFO | Returned 1 of 1 total students
2026-05-23 09:34:02 | INFO | completed - GET http://testserver/students/?course=Computer%20Science | status_code=200 | duration = 0.0203s
2026-05-23 09:34:02 | INFO | HTTP Request: GET http://testserver/students/?course=Computer%20Science "HTTP/1.1 200 OK"
2026-05-23 09:34:02 | INFO | Incoming request - POST http://testserver/students/
2026-05-23 09:34:02 | INFO | User 'admin' creating student with email=high@mail.com
2026-05-23 09:34:02 | INFO | Student created successfully with id=1
2026-05-23 09:34:02 | INFO | completed - POST http://testserver/students/ | status_code=201 | duration = 0.032s
2026-05-23 09:34:02 | INFO | HTTP Request: POST http://testserver/students/ "HTTP/1.1 201 Created"
2026-05-23 09:34:02 | INFO | Incoming request - POST http://testserver/students/
2026-05-23 09:34:02 | INFO | User 'admin' creating student with email=low@mail.com
2026-05-23 09:34:02 | INFO | Student created successfully with id=2
2026-05-23 09:34:02 | INFO | completed - POST http://testserver/students/ | status_code=201 | duration = 0.0278s
2026-05-23 09:34:02 | INFO | HTTP Request: POST http://testserver/students/ "HTTP/1.1 201 Created"
2026-05-23 09:34:02 | INFO | Incoming request - GET http://testserver/students/?min_gpa=8.0&max_gpa=10.0
2026-05-23 09:34:02 | INFO | Fetching students — page=1, size=10, course=None, search=None, min_age=None, max_age=None, min_gpa=8.0, max_gpa=10.0, sort_by=None, order=asc
2026-05-23 09:34:02 | INFO | Returned 1 of 1 total students
2026-05-23 09:34:02 | INFO | completed - GET http://testserver/students/?min_gpa=8.0&max_gpa=10.0 | status_code=200 | duration = 0.0184s
2026-05-23 09:34:02 | INFO | HTTP Request: GET http://testserver/students/?min_gpa=8.0&max_gpa=10.0 "HTTP/1.1 200 OK"
2026-05-23 09:34:02 | INFO | Incoming request - POST http://testserver/students/
2026-05-23 09:34:02 | INFO | User 'admin' creating student with email=sri1234@gmail.com
2026-05-23 09:34:02 | INFO | Student created successfully with id=1
2026-05-23 09:34:02 | INFO | completed - POST http://testserver/students/ | status_code=201 | duration = 0.0266s
2026-05-23 09:34:02 | INFO | HTTP Request: POST http://testserver/students/ "HTTP/1.1 201 Created"
2026-05-23 09:34:02 | INFO | Incoming request - POST http://testserver/students/
2026-05-23 09:34:02 | INFO | User 'admin' creating student with email=priya@mail.com
2026-05-23 09:34:02 | INFO | Student created successfully with id=2
2026-05-23 09:34:02 | INFO | completed - POST http://testserver/students/ | status_code=201 | duration = 0.0186s
2026-05-23 09:34:02 | INFO | HTTP Request: POST http://testserver/students/ "HTTP/1.1 201 Created"
2026-05-23 09:34:02 | INFO | Incoming request - GET http://testserver/students/?search=Sritama
2026-05-23 09:34:02 | INFO | Fetching students — page=1, size=10, course=None, search=Sritama, min_age=None, max_age=None, min_gpa=None, max_gpa=None, sort_by=None, order=asc
2026-05-23 09:34:02 | INFO | Returned 1 of 1 total students
2026-05-23 09:34:02 | INFO | completed - GET http://testserver/students/?search=Sritama | status_code=200 | duration = 0.0223s
2026-05-23 09:34:02 | INFO | HTTP Request: GET http://testserver/students/?search=Sritama "HTTP/1.1 200 OK"
2026-05-23 09:34:02 | INFO | Incoming request - POST http://testserver/students/
2026-05-23 09:34:02 | INFO | User 'admin' creating student with email=a@mail.com
2026-05-23 09:34:02 | INFO | Student created successfully with id=1
2026-05-23 09:34:02 | INFO | completed - POST http://testserver/students/ | status_code=201 | duration = 0.0281s
2026-05-23 09:34:02 | INFO | HTTP Request: POST http://testserver/students/ "HTTP/1.1 201 Created"
2026-05-23 09:34:02 | INFO | Incoming request - POST http://testserver/students/
2026-05-23 09:34:02 | INFO | User 'admin' creating student with email=b@mail.com
2026-05-23 09:34:02 | INFO | Student created successfully with id=2
2026-05-23 09:34:02 | INFO | completed - POST http://testserver/students/ | status_code=201 | duration = 0.0302s
2026-05-23 09:34:02 | INFO | HTTP Request: POST http://testserver/students/ "HTTP/1.1 201 Created"
2026-05-23 09:34:02 | INFO | Incoming request - POST http://testserver/students/
2026-05-23 09:34:02 | INFO | User 'admin' creating student with email=c@mail.com
2026-05-23 09:34:02 | INFO | Student created successfully with id=3
2026-05-23 09:34:02 | INFO | completed - POST http://testserver/students/ | status_code=201 | duration = 0.0241s
2026-05-23 09:34:02 | INFO | HTTP Request: POST http://testserver/students/ "HTTP/1.1 201 Created"
2026-05-23 09:34:02 | INFO | Incoming request - GET http://testserver/students/?sort_by=gpa&order=desc
2026-05-23 09:34:02 | INFO | Fetching students — page=1, size=10, course=None, search=None, min_age=None, max_age=None, min_gpa=None, max_gpa=None, sort_by=gpa, order=desc
2026-05-23 09:34:02 | INFO | Returned 3 of 3 total students
2026-05-23 09:34:02 | INFO | completed - GET http://testserver/students/?sort_by=gpa&order=desc | status_code=200 | duration = 0.0343s
2026-05-23 09:34:02 | INFO | HTTP Request: GET http://testserver/students/?sort_by=gpa&order=desc "HTTP/1.1 200 OK"
2026-05-23 09:34:02 | INFO | Incoming request - POST http://testserver/students/
2026-05-23 09:34:02 | INFO | User 'admin' creating student with email=zara@mail.com
2026-05-23 09:34:02 | INFO | Student created successfully with id=1
2026-05-23 09:34:02 | INFO | completed - POST http://testserver/students/ | status_code=201 | duration = 0.0275s
2026-05-23 09:34:02 | INFO | HTTP Request: POST http://testserver/students/ "HTTP/1.1 201 Created"
2026-05-23 09:34:02 | INFO | Incoming request - POST http://testserver/students/
2026-05-23 09:34:02 | INFO | User 'admin' creating student with email=sri1234@gmail.com
2026-05-23 09:34:02 | INFO | Student created successfully with id=2
2026-05-23 09:34:02 | INFO | completed - POST http://testserver/students/ | status_code=201 | duration = 0.0287s
2026-05-23 09:34:02 | INFO | HTTP Request: POST http://testserver/students/ "HTTP/1.1 201 Created"
2026-05-23 09:34:02 | INFO | Incoming request - GET http://testserver/students/?sort_by=name&order=asc
2026-05-23 09:34:02 | INFO | Fetching students — page=1, size=10, course=None, search=None, min_age=None, max_age=None, min_gpa=None, max_gpa=None, sort_by=name, order=asc
2026-05-23 09:34:02 | INFO | Returned 2 of 2 total students
2026-05-23 09:34:02 | INFO | completed - GET http://testserver/students/?sort_by=name&order=asc | status_code=200 | duration = 0.0276s
2026-05-23 09:34:02 | INFO | HTTP Request: GET http://testserver/students/?sort_by=name&order=asc "HTTP/1.1 200 OK"
2026-05-23 09:34:03 | INFO | Incoming request - GET http://testserver/students/?sort_by=invalid_field
2026-05-23 09:34:03 | INFO | Fetching students — page=1, size=10, course=None, search=None, min_age=None, max_age=None, min_gpa=None, max_gpa=None, sort_by=invalid_field, order=asc
2026-05-23 09:34:03 | INFO | completed - GET http://testserver/students/?sort_by=invalid_field | status_code=400 | duration = 0.014s
2026-05-23 09:34:03 | INFO | HTTP Request: GET http://testserver/students/?sort_by=invalid_field "HTTP/1.1 400 Bad Request"
2026-05-23 09:39:35 | INFO | Incoming request - POST http://testserver/login
2026-05-23 09:39:35 | INFO | Login attempt for username='admin'
2026-05-23 09:39:36 | INFO | Login successful for username='admin'
2026-05-23 09:39:36 | INFO | completed - POST http://testserver/login | status_code=200 | duration = 0.3742s
2026-05-23 09:39:36 | INFO | HTTP Request: POST http://testserver/login "HTTP/1.1 200 OK"
2026-05-23 09:39:36 | INFO | Incoming request - POST http://testserver/login
2026-05-23 09:39:36 | INFO | Login attempt for username='admin'
2026-05-23 09:39:36 | WARNING | Failed login — wrong password for username='admin'
2026-05-23 09:39:36 | INFO | completed - POST http://testserver/login | status_code=401 | duration = 0.3739s
2026-05-23 09:39:36 | INFO | HTTP Request: POST http://testserver/login "HTTP/1.1 401 Unauthorized"
2026-05-23 09:39:36 | INFO | Incoming request - POST http://testserver/login
2026-05-23 09:39:36 | INFO | Login attempt for username='wronguser'
2026-05-23 09:39:36 | WARNING | Failed login — invalid username='wronguser'
2026-05-23 09:39:36 | INFO | completed - POST http://testserver/login | status_code=401 | duration = 0.0142s
2026-05-23 09:39:36 | INFO | HTTP Request: POST http://testserver/login "HTTP/1.1 401 Unauthorized"
2026-05-23 09:39:36 | INFO | Incoming request - POST http://testserver/students/
2026-05-23 09:39:36 | INFO | completed - POST http://testserver/students/ | status_code=401 | duration = 0.0058s
2026-05-23 09:39:36 | INFO | HTTP Request: POST http://testserver/students/ "HTTP/1.1 401 Unauthorized"
2026-05-23 09:39:36 | INFO | Incoming request - POST http://testserver/students/
2026-05-23 09:39:36 | INFO | completed - POST http://testserver/students/ | status_code=401 | duration = 0.0126s
2026-05-23 09:39:36 | INFO | HTTP Request: POST http://testserver/students/ "HTTP/1.1 401 Unauthorized"
2026-05-23 09:39:36 | INFO | Incoming request - POST http://testserver/login
2026-05-23 09:39:36 | INFO | Login attempt for username='admin'
2026-05-23 09:39:37 | INFO | Login successful for username='admin'
2026-05-23 09:39:37 | INFO | completed - POST http://testserver/login | status_code=200 | duration = 0.358s
2026-05-23 09:39:37 | INFO | HTTP Request: POST http://testserver/login "HTTP/1.1 200 OK"
2026-05-23 09:39:37 | INFO | Incoming request - POST http://testserver/students/
2026-05-23 09:39:37 | INFO | User 'admin' creating student with email=sri1234@gmail.com
2026-05-23 09:39:37 | INFO | Student created successfully with id=1
2026-05-23 09:39:37 | INFO | completed - POST http://testserver/students/ | status_code=201 | duration = 0.0205s
2026-05-23 09:39:37 | INFO | HTTP Request: POST http://testserver/students/ "HTTP/1.1 201 Created"
2026-05-23 09:39:37 | INFO | Incoming request - POST http://testserver/students/
2026-05-23 09:39:37 | INFO | User 'admin' creating student with email=sri1234@gmail.com
2026-05-23 09:39:37 | INFO | Student created successfully with id=1
2026-05-23 09:39:37 | INFO | completed - POST http://testserver/students/ | status_code=201 | duration = 0.0185s
2026-05-23 09:39:37 | INFO | HTTP Request: POST http://testserver/students/ "HTTP/1.1 201 Created"
2026-05-23 09:39:37 | INFO | Incoming request - POST http://testserver/students/
2026-05-23 09:39:37 | INFO | User 'admin' creating student with email=sri1234@gmail.com
2026-05-23 09:39:37 | WARNING | Duplicate email attempted: sri1234@gmail.com
2026-05-23 09:39:37 | INFO | completed - POST http://testserver/students/ | status_code=400 | duration = 0.0138s
2026-05-23 09:39:37 | INFO | HTTP Request: POST http://testserver/students/ "HTTP/1.1 400 Bad Request"
2026-05-23 09:39:37 | INFO | Incoming request - POST http://testserver/students/
2026-05-23 09:39:37 | WARNING | Validation error on POST http://testserver/students/: ['body->name:String should have at least 2 characters']
2026-05-23 09:39:37 | INFO | completed - POST http://testserver/students/ | status_code=422 | duration = 0.0083s
2026-05-23 09:39:37 | INFO | HTTP Request: POST http://testserver/students/ "HTTP/1.1 422 Unprocessable Entity"
2026-05-23 09:39:37 | INFO | Incoming request - POST http://testserver/students/
2026-05-23 09:39:37 | WARNING | Validation error on POST http://testserver/students/: ['body->age:Input should be less than or equal to 100']
2026-05-23 09:39:37 | INFO | completed - POST http://testserver/students/ | status_code=422 | duration = 0.006s
2026-05-23 09:39:37 | INFO | HTTP Request: POST http://testserver/students/ "HTTP/1.1 422 Unprocessable Entity"
2026-05-23 09:39:37 | INFO | Incoming request - POST http://testserver/students/
2026-05-23 09:39:37 | WARNING | Validation error on POST http://testserver/students/: ['body->gpa:Input should be less than or equal to 10']
2026-05-23 09:39:37 | INFO | completed - POST http://testserver/students/ | status_code=422 | duration = 0.0s
2026-05-23 09:39:37 | INFO | HTTP Request: POST http://testserver/students/ "HTTP/1.1 422 Unprocessable Entity"
2026-05-23 09:39:37 | INFO | Incoming request - POST http://testserver/students/
2026-05-23 09:39:37 | WARNING | Validation error on POST http://testserver/students/: ['body->email:Value error, Email must be a valid email address']
2026-05-23 09:39:37 | INFO | completed - POST http://testserver/students/ | status_code=422 | duration = 0.0048s
2026-05-23 09:39:37 | INFO | HTTP Request: POST http://testserver/students/ "HTTP/1.1 422 Unprocessable Entity"
2026-05-23 09:39:37 | INFO | Incoming request - POST http://testserver/students/
2026-05-23 09:39:37 | INFO | User 'admin' creating student with email=sri1234@gmail.com
2026-05-23 09:39:37 | INFO | Student created successfully with id=1
2026-05-23 09:39:37 | INFO | completed - POST http://testserver/students/ | status_code=201 | duration = 0.0135s
2026-05-23 09:39:37 | INFO | HTTP Request: POST http://testserver/students/ "HTTP/1.1 201 Created"
2026-05-23 09:39:37 | INFO | Incoming request - GET http://testserver/students/
2026-05-23 09:39:37 | INFO | Fetching students — page=1, size=10, course=None, search=None, min_age=None, max_age=None, min_gpa=None, max_gpa=None, sort_by=None, order=asc
2026-05-23 09:39:37 | INFO | Returned 1 of 1 total students
2026-05-23 09:39:37 | INFO | completed - GET http://testserver/students/ | status_code=200 | duration = 0.0074s
2026-05-23 09:39:37 | INFO | HTTP Request: GET http://testserver/students/ "HTTP/1.1 200 OK"
2026-05-23 09:39:37 | INFO | Incoming request - GET http://testserver/students/
2026-05-23 09:39:37 | INFO | Fetching students — page=1, size=10, course=None, search=None, min_age=None, max_age=None, min_gpa=None, max_gpa=None, sort_by=None, order=asc
2026-05-23 09:39:37 | INFO | Returned 0 of 0 total students
2026-05-23 09:39:37 | INFO | completed - GET http://testserver/students/ | status_code=200 | duration = 0.0081s
2026-05-23 09:39:37 | INFO | HTTP Request: GET http://testserver/students/ "HTTP/1.1 200 OK"
2026-05-23 09:39:37 | INFO | Incoming request - POST http://testserver/students/
2026-05-23 09:39:37 | INFO | User 'admin' creating student with email=sri1234@gmail.com
2026-05-23 09:39:37 | INFO | Student created successfully with id=1
2026-05-23 09:39:37 | INFO | completed - POST http://testserver/students/ | status_code=201 | duration = 0.0175s
2026-05-23 09:39:37 | INFO | HTTP Request: POST http://testserver/students/ "HTTP/1.1 201 Created"
2026-05-23 09:39:37 | INFO | Incoming request - GET http://testserver/students/1
2026-05-23 09:39:37 | INFO | Fetching student with id=1
2026-05-23 09:39:37 | INFO | Student id=1 fetched successfully
2026-05-23 09:39:37 | INFO | completed - GET http://testserver/students/1 | status_code=200 | duration = 0.0092s
2026-05-23 09:39:37 | INFO | HTTP Request: GET http://testserver/students/1 "HTTP/1.1 200 OK"
2026-05-23 09:39:37 | INFO | Incoming request - GET http://testserver/students/99999
2026-05-23 09:39:37 | INFO | Fetching student with id=99999
2026-05-23 09:39:37 | WARNING | Student id=99999 not found
2026-05-23 09:39:37 | INFO | completed - GET http://testserver/students/99999 | status_code=404 | duration = 0.011s
2026-05-23 09:39:37 | INFO | HTTP Request: GET http://testserver/students/99999 "HTTP/1.1 404 Not Found"
2026-05-23 09:39:37 | INFO | Incoming request - POST http://testserver/students/
2026-05-23 09:39:37 | INFO | User 'admin' creating student with email=sri1234@gmail.com
2026-05-23 09:39:37 | INFO | Student created successfully with id=1
2026-05-23 09:39:37 | INFO | completed - POST http://testserver/students/ | status_code=201 | duration = 0.0119s
2026-05-23 09:39:37 | INFO | HTTP Request: POST http://testserver/students/ "HTTP/1.1 201 Created"
2026-05-23 09:39:37 | INFO | Incoming request - PUT http://testserver/students/1
2026-05-23 09:39:37 | INFO | User 'admin' updating student id=1
2026-05-23 09:39:37 | INFO | Student id=1 updated successfully
2026-05-23 09:39:37 | INFO | completed - PUT http://testserver/students/1 | status_code=200 | duration = 0.0209s
2026-05-23 09:39:37 | INFO | HTTP Request: PUT http://testserver/students/1 "HTTP/1.1 200 OK"
2026-05-23 09:39:37 | INFO | Incoming request - PUT http://testserver/students/99999
2026-05-23 09:39:37 | INFO | User 'admin' updating student id=99999
2026-05-23 09:39:37 | WARNING | Student id=99999 not found for update
2026-05-23 09:39:37 | INFO | completed - PUT http://testserver/students/99999 | status_code=404 | duration = 0.0171s
2026-05-23 09:39:37 | INFO | HTTP Request: PUT http://testserver/students/99999 "HTTP/1.1 404 Not Found"
2026-05-23 09:39:37 | INFO | Incoming request - POST http://testserver/students/
2026-05-23 09:39:37 | INFO | User 'admin' creating student with email=sri1234@gmail.com
2026-05-23 09:39:37 | INFO | Student created successfully with id=1
2026-05-23 09:39:37 | INFO | completed - POST http://testserver/students/ | status_code=201 | duration = 0.0084s
2026-05-23 09:39:37 | INFO | HTTP Request: POST http://testserver/students/ "HTTP/1.1 201 Created"
2026-05-23 09:39:37 | INFO | Incoming request - PUT http://testserver/students/1
2026-05-23 09:39:37 | WARNING | Validation error on PUT http://testserver/students/1: ['body->gpa:Input should be less than or equal to 10']
2026-05-23 09:39:37 | INFO | completed - PUT http://testserver/students/1 | status_code=422 | duration = 0.0087s
2026-05-23 09:39:37 | INFO | HTTP Request: PUT http://testserver/students/1 "HTTP/1.1 422 Unprocessable Entity"
2026-05-23 09:39:37 | INFO | Incoming request - POST http://testserver/students/
2026-05-23 09:39:37 | INFO | User 'admin' creating student with email=sri1234@gmail.com
2026-05-23 09:39:37 | INFO | Student created successfully with id=1
2026-05-23 09:39:37 | INFO | completed - POST http://testserver/students/ | status_code=201 | duration = 0.0166s
2026-05-23 09:39:37 | INFO | HTTP Request: POST http://testserver/students/ "HTTP/1.1 201 Created"
2026-05-23 09:39:37 | INFO | Incoming request - DELETE http://testserver/students/1
2026-05-23 09:39:37 | INFO | User 'admin' deleting student id=1
2026-05-23 09:39:37 | INFO | Student id=1 deleted successfully
2026-05-23 09:39:37 | INFO | completed - DELETE http://testserver/students/1 | status_code=204 | duration = 0.0151s
2026-05-23 09:39:37 | INFO | HTTP Request: DELETE http://testserver/students/1 "HTTP/1.1 204 No Content"
2026-05-23 09:39:37 | INFO | Incoming request - GET http://testserver/students/1
2026-05-23 09:39:37 | INFO | Fetching student with id=1
2026-05-23 09:39:37 | WARNING | Student id=1 not found
2026-05-23 09:39:37 | INFO | completed - GET http://testserver/students/1 | status_code=404 | duration = 0.0057s
2026-05-23 09:39:37 | INFO | HTTP Request: GET http://testserver/students/1 "HTTP/1.1 404 Not Found"
2026-05-23 09:39:37 | INFO | Incoming request - DELETE http://testserver/students/99999
2026-05-23 09:39:37 | INFO | User 'admin' deleting student id=99999
2026-05-23 09:39:37 | WARNING | Student id=99999 not found for deletion
2026-05-23 09:39:37 | INFO | completed - DELETE http://testserver/students/99999 | status_code=404 | duration = 0.0144s
2026-05-23 09:39:37 | INFO | HTTP Request: DELETE http://testserver/students/99999 "HTTP/1.1 404 Not Found"
2026-05-23 09:39:37 | INFO | Incoming request - POST http://testserver/students/
2026-05-23 09:39:37 | INFO | User 'admin' creating student with email=student0@mail.com
2026-05-23 09:39:37 | INFO | Student created successfully with id=1
2026-05-23 09:39:37 | INFO | completed - POST http://testserver/students/ | status_code=201 | duration = 0.018s
2026-05-23 09:39:37 | INFO | HTTP Request: POST http://testserver/students/ "HTTP/1.1 201 Created"
2026-05-23 09:39:37 | INFO | Incoming request - POST http://testserver/students/
2026-05-23 09:39:37 | INFO | User 'admin' creating student with email=student1@mail.com
2026-05-23 09:39:37 | INFO | Student created successfully with id=2
2026-05-23 09:39:37 | INFO | completed - POST http://testserver/students/ | status_code=201 | duration = 0.0019s
2026-05-23 09:39:37 | INFO | HTTP Request: POST http://testserver/students/ "HTTP/1.1 201 Created"
2026-05-23 09:39:37 | INFO | Incoming request - POST http://testserver/students/
2026-05-23 09:39:37 | INFO | User 'admin' creating student with email=student2@mail.com
2026-05-23 09:39:37 | INFO | Student created successfully with id=3
2026-05-23 09:39:37 | INFO | completed - POST http://testserver/students/ | status_code=201 | duration = 0.0126s
2026-05-23 09:39:37 | INFO | HTTP Request: POST http://testserver/students/ "HTTP/1.1 201 Created"
2026-05-23 09:39:37 | INFO | Incoming request - POST http://testserver/students/
2026-05-23 09:39:37 | INFO | User 'admin' creating student with email=student3@mail.com
2026-05-23 09:39:37 | INFO | Student created successfully with id=4
2026-05-23 09:39:37 | INFO | completed - POST http://testserver/students/ | status_code=201 | duration = 0.0069s
2026-05-23 09:39:37 | INFO | HTTP Request: POST http://testserver/students/ "HTTP/1.1 201 Created"
2026-05-23 09:39:37 | INFO | Incoming request - POST http://testserver/students/
2026-05-23 09:39:37 | INFO | User 'admin' creating student with email=student4@mail.com
2026-05-23 09:39:37 | INFO | Student created successfully with id=5
2026-05-23 09:39:37 | INFO | completed - POST http://testserver/students/ | status_code=201 | duration = 0.0143s
2026-05-23 09:39:37 | INFO | HTTP Request: POST http://testserver/students/ "HTTP/1.1 201 Created"
2026-05-23 09:39:37 | INFO | Incoming request - GET http://testserver/students/?page=1&size=3
2026-05-23 09:39:37 | INFO | Fetching students — page=1, size=3, course=None, search=None, min_age=None, max_age=None, min_gpa=None, max_gpa=None, sort_by=None, order=asc
2026-05-23 09:39:37 | INFO | Returned 3 of 5 total students
2026-05-23 09:39:37 | INFO | completed - GET http://testserver/students/?page=1&size=3 | status_code=200 | duration = 0.0078s
2026-05-23 09:39:37 | INFO | HTTP Request: GET http://testserver/students/?page=1&size=3 "HTTP/1.1 200 OK"
2026-05-23 09:39:37 | INFO | Incoming request - GET http://testserver/students/?page=2&size=3
2026-05-23 09:39:37 | INFO | Fetching students — page=2, size=3, course=None, search=None, min_age=None, max_age=None, min_gpa=None, max_gpa=None, sort_by=None, order=asc
2026-05-23 09:39:37 | INFO | Returned 2 of 5 total students
2026-05-23 09:39:37 | INFO | completed - GET http://testserver/students/?page=2&size=3 | status_code=200 | duration = 0.0s
2026-05-23 09:39:37 | INFO | HTTP Request: GET http://testserver/students/?page=2&size=3 "HTTP/1.1 200 OK"
2026-05-23 09:39:37 | INFO | Incoming request - POST http://testserver/students/
2026-05-23 09:39:37 | INFO | User 'admin' creating student with email=cs@mail.com
2026-05-23 09:39:37 | INFO | Student created successfully with id=1
2026-05-23 09:39:37 | INFO | completed - POST http://testserver/students/ | status_code=201 | duration = 0.015s
2026-05-23 09:39:37 | INFO | HTTP Request: POST http://testserver/students/ "HTTP/1.1 201 Created"
2026-05-23 09:39:37 | INFO | Incoming request - POST http://testserver/students/
2026-05-23 09:39:37 | INFO | User 'admin' creating student with email=math@mail.com
2026-05-23 09:39:37 | INFO | Student created successfully with id=2
2026-05-23 09:39:37 | INFO | completed - POST http://testserver/students/ | status_code=201 | duration = 0.0138s
2026-05-23 09:39:37 | INFO | HTTP Request: POST http://testserver/students/ "HTTP/1.1 201 Created"
2026-05-23 09:39:37 | INFO | Incoming request - GET http://testserver/students/?course=Computer%20Science
2026-05-23 09:39:37 | INFO | Fetching students — page=1, size=10, course=Computer Science, search=None, min_age=None, max_age=None, min_gpa=None, max_gpa=None, sort_by=None, order=asc
2026-05-23 09:39:37 | INFO | Returned 1 of 1 total students
2026-05-23 09:39:37 | INFO | completed - GET http://testserver/students/?course=Computer%20Science | status_code=200 | duration = 0.017s
2026-05-23 09:39:37 | INFO | HTTP Request: GET http://testserver/students/?course=Computer%20Science "HTTP/1.1 200 OK"
2026-05-23 09:39:37 | INFO | Incoming request - POST http://testserver/students/
2026-05-23 09:39:37 | INFO | User 'admin' creating student with email=high@mail.com
2026-05-23 09:39:37 | INFO | Student created successfully with id=1
2026-05-23 09:39:37 | INFO | completed - POST http://testserver/students/ | status_code=201 | duration = 0.0176s
2026-05-23 09:39:37 | INFO | HTTP Request: POST http://testserver/students/ "HTTP/1.1 201 Created"
2026-05-23 09:39:37 | INFO | Incoming request - POST http://testserver/students/
2026-05-23 09:39:37 | INFO | User 'admin' creating student with email=low@mail.com
2026-05-23 09:39:37 | INFO | Student created successfully with id=2
2026-05-23 09:39:37 | INFO | completed - POST http://testserver/students/ | status_code=201 | duration = 0.002s
2026-05-23 09:39:37 | INFO | HTTP Request: POST http://testserver/students/ "HTTP/1.1 201 Created"
2026-05-23 09:39:37 | INFO | Incoming request - GET http://testserver/students/?min_gpa=8.0&max_gpa=10.0
2026-05-23 09:39:37 | INFO | Fetching students — page=1, size=10, course=None, search=None, min_age=None, max_age=None, min_gpa=8.0, max_gpa=10.0, sort_by=None, order=asc
2026-05-23 09:39:37 | INFO | Returned 1 of 1 total students
2026-05-23 09:39:37 | INFO | completed - GET http://testserver/students/?min_gpa=8.0&max_gpa=10.0 | status_code=200 | duration = 0.0092s
2026-05-23 09:39:37 | INFO | HTTP Request: GET http://testserver/students/?min_gpa=8.0&max_gpa=10.0 "HTTP/1.1 200 OK"
2026-05-23 09:39:37 | INFO | Incoming request - POST http://testserver/students/
2026-05-23 09:39:37 | INFO | User 'admin' creating student with email=sri1234@gmail.com
2026-05-23 09:39:38 | INFO | Student created successfully with id=1
2026-05-23 09:39:38 | INFO | completed - POST http://testserver/students/ | status_code=201 | duration = 0.0171s
2026-05-23 09:39:38 | INFO | HTTP Request: POST http://testserver/students/ "HTTP/1.1 201 Created"
2026-05-23 09:39:38 | INFO | Incoming request - POST http://testserver/students/
2026-05-23 09:39:38 | INFO | User 'admin' creating student with email=priya@mail.com
2026-05-23 09:39:38 | INFO | Student created successfully with id=2
2026-05-23 09:39:38 | INFO | completed - POST http://testserver/students/ | status_code=201 | duration = 0.0133s
2026-05-23 09:39:38 | INFO | HTTP Request: POST http://testserver/students/ "HTTP/1.1 201 Created"
2026-05-23 09:39:38 | INFO | Incoming request - GET http://testserver/students/?search=Sritama
2026-05-23 09:39:38 | INFO | Fetching students — page=1, size=10, course=None, search=Sritama, min_age=None, max_age=None, min_gpa=None, max_gpa=None, sort_by=None, order=asc
2026-05-23 09:39:38 | INFO | Returned 1 of 1 total students
2026-05-23 09:39:38 | INFO | completed - GET http://testserver/students/?search=Sritama | status_code=200 | duration = 0.0099s
2026-05-23 09:39:38 | INFO | HTTP Request: GET http://testserver/students/?search=Sritama "HTTP/1.1 200 OK"
2026-05-23 09:39:38 | INFO | Incoming request - POST http://testserver/students/
2026-05-23 09:39:38 | INFO | User 'admin' creating student with email=a@mail.com
2026-05-23 09:39:38 | INFO | Student created successfully with id=1
2026-05-23 09:39:38 | INFO | completed - POST http://testserver/students/ | status_code=201 | duration = 0.0283s
2026-05-23 09:39:38 | INFO | HTTP Request: POST http://testserver/students/ "HTTP/1.1 201 Created"
2026-05-23 09:39:38 | INFO | Incoming request - POST http://testserver/students/
2026-05-23 09:39:38 | INFO | User 'admin' creating student with email=b@mail.com
2026-05-23 09:39:38 | INFO | Student created successfully with id=2
2026-05-23 09:39:38 | INFO | completed - POST http://testserver/students/ | status_code=201 | duration = 0.0029s
2026-05-23 09:39:38 | INFO | HTTP Request: POST http://testserver/students/ "HTTP/1.1 201 Created"
2026-05-23 09:39:38 | INFO | Incoming request - POST http://testserver/students/
2026-05-23 09:39:38 | INFO | User 'admin' creating student with email=c@mail.com
2026-05-23 09:39:38 | INFO | Student created successfully with id=3
2026-05-23 09:39:38 | INFO | completed - POST http://testserver/students/ | status_code=201 | duration = 0.0135s
2026-05-23 09:39:38 | INFO | HTTP Request: POST http://testserver/students/ "HTTP/1.1 201 Created"
2026-05-23 09:39:38 | INFO | Incoming request - GET http://testserver/students/?sort_by=gpa&order=desc
2026-05-23 09:39:38 | INFO | Fetching students — page=1, size=10, course=None, search=None, min_age=None, max_age=None, min_gpa=None, max_gpa=None, sort_by=gpa, order=desc
2026-05-23 09:39:38 | INFO | Returned 3 of 3 total students
2026-05-23 09:39:38 | INFO | completed - GET http://testserver/students/?sort_by=gpa&order=desc | status_code=200 | duration = 0.0093s
2026-05-23 09:39:38 | INFO | HTTP Request: GET http://testserver/students/?sort_by=gpa&order=desc "HTTP/1.1 200 OK"
2026-05-23 09:39:38 | INFO | Incoming request - POST http://testserver/students/
2026-05-23 09:39:38 | INFO | User 'admin' creating student with email=zara@mail.com
2026-05-23 09:39:38 | INFO | Student created successfully with id=1
2026-05-23 09:39:38 | INFO | completed - POST http://testserver/students/ | status_code=201 | duration = 0.01s
2026-05-23 09:39:38 | INFO | HTTP Request: POST http://testserver/students/ "HTTP/1.1 201 Created"
2026-05-23 09:39:38 | INFO | Incoming request - POST http://testserver/students/
2026-05-23 09:39:38 | INFO | User 'admin' creating student with email=sri1234@gmail.com
2026-05-23 09:39:38 | INFO | Student created successfully with id=2
2026-05-23 09:39:38 | INFO | completed - POST http://testserver/students/ | status_code=201 | duration = 0.0204s
2026-05-23 09:39:38 | INFO | HTTP Request: POST http://testserver/students/ "HTTP/1.1 201 Created"
2026-05-23 09:39:38 | INFO | Incoming request - GET http://testserver/students/?sort_by=name&order=asc
2026-05-23 09:39:38 | INFO | Fetching students — page=1, size=10, course=None, search=None, min_age=None, max_age=None, min_gpa=None, max_gpa=None, sort_by=name, order=asc
2026-05-23 09:39:38 | INFO | Returned 2 of 2 total students
2026-05-23 09:39:38 | INFO | completed - GET http://testserver/students/?sort_by=name&order=asc | status_code=200 | duration = 0.0113s
2026-05-23 09:39:38 | INFO | HTTP Request: GET http://testserver/students/?sort_by=name&order=asc "HTTP/1.1 200 OK"
2026-05-23 09:39:38 | INFO | Incoming request - GET http://testserver/students/?sort_by=invalid_field
2026-05-23 09:39:38 | INFO | Fetching students — page=1, size=10, course=None, search=None, min_age=None, max_age=None, min_gpa=None, max_gpa=None, sort_by=invalid_field, order=asc
2026-05-23 09:39:38 | INFO | completed - GET http://testserver/students/?sort_by=invalid_field | status_code=400 | duration = 0.0088s
2026-05-23 09:39:38 | INFO | HTTP Request: GET http://testserver/students/?sort_by=invalid_field "HTTP/1.1 400 Bad Request"
2026-05-23 09:42:13 | INFO | Incoming request - GET http://127.0.0.1:8000/
2026-05-23 09:42:13 | INFO | Root endpoint accessed
2026-05-23 09:42:13 | INFO | completed - GET http://127.0.0.1:8000/ | status_code=200 | duration = 0.0313s
2026-05-23 09:42:14 | INFO | Incoming request - GET http://127.0.0.1:8000/favicon.ico
2026-05-23 09:42:14 | INFO | completed - GET http://127.0.0.1:8000/favicon.ico | status_code=404 | duration = 0.0402s
2026-05-23 09:43:07 | INFO | Incoming request - GET http://127.0.0.1:8000/favicon.ico
2026-05-23 09:43:07 | INFO | completed - GET http://127.0.0.1:8000/favicon.ico | status_code=404 | duration = 0.0s
2026-05-23 09:43:21 | INFO | Incoming request - GET http://127.0.0.1:8000/
2026-05-23 09:43:21 | INFO | Root endpoint accessed
2026-05-23 09:43:21 | INFO | completed - GET http://127.0.0.1:8000/ | status_code=200 | duration = 0.0058s
2026-05-23 09:44:44 | INFO | Incoming request - GET http://127.0.0.1:8000/docs
2026-05-23 09:44:44 | INFO | completed - GET http://127.0.0.1:8000/docs | status_code=200 | duration = 0.0s
2026-05-23 09:44:45 | INFO | Incoming request - GET http://127.0.0.1:8000/openapi.json
2026-05-23 09:44:45 | INFO | completed - GET http://127.0.0.1:8000/openapi.json | status_code=200 | duration = 0.0873s
